This is pdfTeX, Version 3.141592653-2.6-1.40.28 (TeX Live 2025) (preloaded format=pdflatex 2025.11.18)  6 AUG 2026 17:39
entering extended mode
 restricted \write18 enabled.
 file:line:error style messages enabled.
 %&-line parsing enabled.
**/home/maenwe/Documents/Carnet_a_idee/Idee_en_bazar/Aide_a_la_redaction/Notes/pdfNote/0.tex
(/home/maenwe/Documents/Carnet_a_idee/Idee_en_bazar/Aide_a_la_redaction/Notes/pdfNote/0.tex
LaTeX2e <2025-11-01>
L3 programming layer <2025-11-06>
(/usr/local/texlive/2025/texmf-dist/tex/latex/base/article.cls
Document Class: article 2025/01/22 v1.4n Standard LaTeX document class
(/usr/local/texlive/2025/texmf-dist/tex/latex/base/size12.clo
File: size12.clo 2025/01/22 v1.4n Standard LaTeX file (size option)
)
\c@part=\count275
\c@section=\count276
\c@subsection=\count277
\c@subsubsection=\count278
\c@paragraph=\count279
\c@subparagraph=\count280
\c@figure=\count281
\c@table=\count282
\abovecaptionskip=\skip49
\belowcaptionskip=\skip50
\bibindent=\dimen148
)

! LaTeX Error: File `/home/maenwe/Documents/Carnet_a_idee/Idee_en_bazar/Aide_a_la_redaction/Notes/package_perso.sty' not found.

Type X to quit or <RETURN> to proceed,
or enter new name. (Default extension: sty)

Enter file name: 
/home/maenwe/Documents/Carnet_a_idee/Idee_en_bazar/Aide_a_la_redaction/Notes/pdfNote/0.tex:3: Emergency stop.
<read *> 
         
l.3 ^^M
       
*** (cannot \read from terminal in nonstop modes)

 
Here is how much of TeX's memory you used:
 245 strings out of 467538
 3377 string characters out of 5419551
 433733 words of memory out of 5000000
 29239 multiletter control sequences out of 15000+600000
 628019 words of font info for 41 fonts, out of 8000000 for 9000
 1141 hyphenation exceptions out of 8191
 35i,0n,38p,306b,36s stack positions out of 10000i,1000n,20000p,200000b,200000s
/home/maenwe/Documents/Carnet_a_idee/Idee_en_bazar/Aide_a_la_redaction/Notes/pdfNote/0.tex:3:  ==> Fatal error occurred, no output PDF file produced!
